"blank"					"=========================="
"blank"					"#PR_KM_Shared_Title"
"blank"					"=========================="
"+forward"					"#PR_Move_Forward"
"+back"						"#PR_Move_Back"
"+moveleft"					"#PR_Move_Left"
"+moveright"				"#PR_Move_Right"
"invnext"					"#PR_Next_Weapon"
"invprev"					"#PR_Previous_Weapon"
"+duck"						"#PR_Duck"
"blank"					"=========================="
"blank"					"#Valve_Movement_Title"
"blank"					"=========================="
"+speed"					"#Valve_Sprint"
"+jump"						"#Valve_Jump"
"blank"					"=========================="
"blank"					"#PR_KM_GM_Title"
"blank"					"=========================="
"ow_gm_stop"				"#PR_GM_StopOrder"
"ow_gm_toggle_attack"		"#PR_GM_ToggleAttack"
"ow_gm_toggle_move"			"#PR_GM_ToggleMove"
"ow_gm_toggle_attackmove"	"#PR_GM_ToggleAttackMove"
"ow_gm_specialability"		"#PR_GM_SpecialAbility"
"blank"					"=========================="
"blank"					"PR_KM_Misc_Title"
"blank"					"=========================="
"+use"						"#PR_Use_Items"
"chooseteam"				"#PR_Choose_Side"
"overview_mode"				"#PR_Toggle_Overview"
"toggle_tasklist"			"#PR_Toggle_TaskList"
"blank"					"=========================="
"blank"					"#Valve_Combat_Title"
"blank"					"=========================="
"+attack"					"#Valve_Primary_Attack"
"+attack2"					"#Valve_Secondary_Attack"
"+reload"					"#Valve_Reload_Weapon"
"lastinv"					"#Valve_Last_Weapon_Used"
"ow_role_swap"				"#PR_Role_Swap"
"drop"						"#PR_Drop_Special"
"impulse 100"				"#Valve_Flashlight"
"phys_swap"					"#Valve_Gravity_Gun"
"slot1"						"#Valve_Weapon_Category_1"
"slot2"						"#Valve_Weapon_Category_2"
"slot3" 					"#Valve_Weapon_Category_3"
"slot4"						"#Valve_Weapon_Category_4"
"slot5"						"#Valve_Weapon_Category_5"
"slot6"						"#Valve_Weapon_Category_6"
"blank"					"=========================="
"blank"					"#Valve_Communication_Title"
"blank"					"=========================="
"+voicerecord"				"#Valve_Use_Voice_Communication"
"messagemode"				"#Valve_Chat_Message"
"messagemode2"				"#Valve_Team_Message"
"ow_voicemenu 0"			"#PR_Voice_Menu_0"
//"ow_voicemenu 1"			"#PR_Voice_Menu_1" **DISABLED** (Needs commands added to the VoiceCom txt file first)
"ow_voicemenu 2"			"#PR_Voice_Menu_2"
"blank"					"=========================="
"blank"					"#Valve_Miscellaneous_Title"
"blank"					"=========================="
"jpeg"						"#Valve_Take_Screen_Shot"
"+showscores"				"#Valve_Display_Scores"
"impulse 201"				"#Valve_Spray_Logo"
"pause"						"#Valve_Pause_Game"
"quit"						"#Valve_Quit_Game"
"toggleconsole"				"#Valve_Console_Toggle"
"blank"					"=========================="
"blank"					"#Valve_Miscellaneous_Keyboard_Keys_Title"
"blank"					"=========================="
"+walk"						"#Valve_Walk"
"+left"						"#Valve_Turn_Left"
"+right"					"#Valve_Turn_Right"
"+moveup"					"#Valve_Swim_Up"
"+movedown"					"#Valve_Swim_Down"
"+lookup"					"#Valve_Look_Up"
"+lookdown"					"#Valve_Look_Down"
"+strafe"					"#Valve_Strafe_Modifier"
"+klook"					"#Valve_Keyboard_Look_Modifier"
